// Jest Snapshot v1, https://goo.gl/fbAQLP

exports[`snapshots Collatz with test renderer 1`] = `
.c0 {
  font-weight: bold;
  font-size: 90%;
  padding: 2px;
  list-style-type: none;
}

<div
  className="Collatz"
>
  <h2>
    Collatz Sequence for 
    13
  </h2>
  <ul>
    <li
      className="c0"
      listStyleType="none"
    >
      13
    </li>
    <li
      className="c0"
      listStyleType="none"
    >
      40
    </li>
    <li
      className="c0"
      listStyleType="none"
    >
      20
    </li>
    <li
      className="c0"
      listStyleType="none"
    >
      10
    </li>
    <li
      className="c0"
      listStyleType="none"
    >
      5
    </li>
    <li
      className="c0"
      listStyleType="none"
    >
      16
    </li>
    <li
      className="c0"
      listStyleType="none"
    >
      8
    </li>
    <li
      className="c0"
      listStyleType="none"
    >
      4
    </li>
    <li
      className="c0"
      listStyleType="none"
    >
      2
    </li>
    <li
      className="c0"
      listStyleType="none"
    >
      1
    </li>
  </ul>
</div>
`;
